Created the tree successfully using C:\Users\Prakat-L-0005\Desktop\Automation pipeline\e2e-automation-pipeline-master\src\test\java\performance\2020-08-13_15-35-06.867946\modified_requests.jmx
Starting standalone test @ Thu Aug 13 15:35:40 IST 2020 (1597313140292)
Waiting for possible Shutdown/StopTestNow/HeapDump/ThreadDump message on port 4445
Tidying up ...    @ Thu Aug 13 15:38:41 IST 2020 (1597313321844)
... end of run
