Created the tree successfully using C:\Users\Prakat-L-0005\Desktop\Automation pipeline\e2e-automation-pipeline-master\src\test\java\performance\2020-08-14_12-13-36.334638\modified_requests.jmx
Starting standalone test @ Fri Aug 14 12:14:39 IST 2020 (1597387479123)
Waiting for possible Shutdown/StopTestNow/HeapDump/ThreadDump message on port 4445
Tidying up ...    @ Fri Aug 14 12:17:44 IST 2020 (1597387664148)
... end of run
